Compiling serde_core v1.0.228
   Compiling serde v1.0.228
   Compiling ring v0.17.14
   Compiling url v2.5.7
   Compiling tracing-core v0.1.36
   Compiling tracing v0.1.44
   Compiling rustls v0.23.45
   Compiling rustls-webpki v0.103.15
   Compiling rtc-shared v0.21.0
   Compiling h2 v0.4.16
   Compiling serde_json v1.0.145
   Compiling hyper v1.8.1
   Compiling hyper-util v0.1.19
   Compiling asn1-rs-derive v0.6.0
   Compiling asn1-rs v0.7.2
   Compiling tower v0.5.2
   Compiling tokio-rustls v0.26.4
   Compiling oid-registry v0.8.1
   Compiling rustls-platform-verifier v0.7.0
   Compiling simdutf8 v0.1.5
   Compiling tower-http v0.6.8
   Compiling digest v0.11.3
   Compiling der-parser v10.0.0
   Compiling crossbeam-utils v0.8.23
   Compiling rtc-crypto v0.21.0
   Compiling x509-parser v0.18.1
   Compiling hyper-rustls v0.27.7
   Compiling serdect v0.4.3
   Compiling rcgen v0.14.10
   Compiling reqwest v0.13.5
   Compiling bytecheck v0.8.3
   Compiling ed25519 v3.0.0
   Compiling curve25519-dalek v5.0.0
   Compiling portable-atomic v1.11.1
   Compiling sha2 v0.11.0
   Compiling rtc-rtp v0.21.0
   Compiling regex-syntax v0.8.11
   Compiling regex-automata v0.4.18
   Compiling ed25519-dalek v3.0.0
   Compiling noq-udp v1.3.0
   Compiling rend v0.5.4
   Compiling rtc-stun v0.21.0
   Compiling rtc-rtcp v0.21.0
   Compiling rustls-cert-read v0.3.0
   Compiling noq v1.3.0
   Compiling proc-macro2 v1.0.103
   Compiling iana-time-zone v0.1.65
   Compiling winnow v1.0.4
   Compiling unicode-ident v1.0.22
   Compiling reloadable-core v0.1.0
   Compiling noq-proto v1.3.0
   Compiling reloadable-state v0.1.0
   Compiling toml_parser v1.1.3+spec-1.1.0
   Compiling chrono v0.4.45
   Compiling rkyv v0.8.18
   Compiling n0-dns-resolver v0.1.0
   Compiling iroh-base v1.2.0
   Compiling rtc-sctp v0.21.0
   Compiling matchers v0.2.0
   Compiling rtc-mdns v0.21.0
   Compiling sharded-slab v0.1.7
   Compiling serde_urlencoded v0.7.1
   Compiling tracing-log v0.2.0
   Compiling iroh-relay v1.2.0
   Compiling toml_datetime v1.1.1+spec-1.1.0
   Compiling serde_spanned v1.1.1
   Compiling thread_local v1.1.9
   Compiling toml_writer v1.1.2+spec-1.1.0
   Compiling hashbrown v0.14.5
   Compiling nu-ansi-term v0.50.3
   Compiling tracing-subscriber v0.3.22
   Compiling dashmap v6.1.0
   Compiling toml v1.1.6+spec-1.1.0
   Compiling tokio-websockets v0.13.3
   Compiling postcard v1.1.3
   Compiling iroh-metrics v1.0.1
   Compiling rtc-ice v0.21.0
   Compiling rtc-datachannel v0.21.0
   Compiling iroh-dns v1.3.0
   Compiling rtc-dtls v0.21.0
   Compiling rustytransfer-crypto v0.1.0 (/home/ubuntu/rustytransfer-bench/build-shared-key-streams-20261003/source/crates/crypto)
   Compiling tokio-rustls-acme v0.9.1
   Compiling rustls-cert-reloadable-resolver v0.7.1
   Compiling axum-core v0.5.6
   Compiling rustls-cert-file-reader v0.4.2
   Compiling rtc-interceptor v0.21.0
   Compiling rtc-srtp v0.21.0
   Compiling rtc-turn v0.21.0
   Compiling rtc-media v0.21.0
   Compiling concurrent-queue v2.5.0
   Compiling sha1 v0.11.0
   Compiling rtc-sdp v0.21.0
   Compiling serde_path_to_error v0.1.20
   Compiling iroh v1.2.0
   Compiling serde_bytes v0.11.19
   Compiling matchit v0.8.4
   Compiling rtc v0.21.0
   Compiling axum v0.8.9
   Compiling tungstenite v0.28.0
   Compiling netwatch v0.19.3
   Compiling async-channel v2.5.0
   Compiling hyper-tls v0.6.0
   Compiling rustytransfer-protocol v0.1.0 (/home/ubuntu/rustytransfer-bench/build-shared-key-streams-20261003/source/crates/protocol)
   Compiling reqwest v0.12.25
   Compiling tokio-tungstenite v0.28.0
   Compiling webrtc v0.21.0
   Compiling rustytransfer-transfer v0.1.0 (/home/ubuntu/rustytransfer-bench/build-shared-key-streams-20261003/source/crates/transfer)
   Compiling indicatif v0.18.3
   Compiling rustytransfer-native v0.1.0 (/home/ubuntu/rustytransfer-bench/build-shared-key-streams-20261003/source/crates/native)
   Compiling rustytransfer v0.1.0 (/home/ubuntu/rustytransfer-bench/build-shared-key-streams-20261003/source)
    Finished `release` profile [optimized] target(s) in 8m 54s
