.usage: python3 -m unittest [-h] --host HOST [--user USER] [--ssh SSH]
                           [--scp SCP] --ssh-key SSH_KEY [--croc CROC]
                           [--remote-croc REMOTE_CROC]
                           [--croc-version CROC_VERSION]
                           --rusty-sender RUSTY_SENDER
                           --remote-rusty REMOTE_RUSTY --input-64 INPUT_64
                           --input-512 INPUT_512 --output-dir OUTPUT_DIR
                           --remote-root REMOTE_ROOT
                           [--remote-input-64 REMOTE_INPUT_64]
                           [--remote-input-512 REMOTE_INPUT_512]
                           --build-id BUILD_ID --storage-class STORAGE_CLASS
                           [--runs RUNS] [--chunk-size CHUNK_SIZE]
                           [--direction {wsl-to-oracle,oracle-to-wsl}]
                           [--rusty-path {direct,relay}]
                           [--rusty-auth {pake,invite}] [--payload-profile]
                           [--rusty-only] [--timeout TIMEOUT]
python3 -m unittest: error: --chunk-size must be between 1 and 1048576 bytes
.usage: python3 -m unittest [-h] --host HOST [--user USER] [--ssh SSH]
                           [--scp SCP] --ssh-key SSH_KEY [--croc CROC]
                           [--remote-croc REMOTE_CROC]
                           [--croc-version CROC_VERSION]
                           --rusty-sender RUSTY_SENDER
                           --remote-rusty REMOTE_RUSTY --input-64 INPUT_64
                           --input-512 INPUT_512 --output-dir OUTPUT_DIR
                           --remote-root REMOTE_ROOT
                           [--remote-input-64 REMOTE_INPUT_64]
                           [--remote-input-512 REMOTE_INPUT_512]
                           --build-id BUILD_ID --storage-class STORAGE_CLASS
                           [--runs RUNS] [--chunk-size CHUNK_SIZE]
                           [--direction {wsl-to-oracle,oracle-to-wsl}]
                           [--rusty-path {direct,relay}]
                           [--rusty-auth {pake,invite}] [--payload-profile]
                           [--rusty-only] [--timeout TIMEOUT]
python3 -m unittest: error: --croc is required unless --rusty-only is set
.....usage: python3 -m unittest [-h] --host HOST [--user USER] [--ssh SSH]
                           [--scp SCP] --ssh-key SSH_KEY [--croc CROC]
                           [--remote-croc REMOTE_CROC]
                           [--croc-version CROC_VERSION]
                           --rusty-sender RUSTY_SENDER
                           --remote-rusty REMOTE_RUSTY --input-64 INPUT_64
                           --input-512 INPUT_512 --output-dir OUTPUT_DIR
                           --remote-root REMOTE_ROOT
                           [--remote-input-64 REMOTE_INPUT_64]
                           [--remote-input-512 REMOTE_INPUT_512]
                           --build-id BUILD_ID --storage-class STORAGE_CLASS
                           [--runs RUNS] [--chunk-size CHUNK_SIZE]
                           [--direction {wsl-to-oracle,oracle-to-wsl}]
                           [--rusty-path {direct,relay}]
                           [--rusty-auth {pake,invite}] [--payload-profile]
                           [--rusty-only] [--timeout TIMEOUT]
python3 -m unittest: error: pre-staged remote inputs are only valid for --direction oracle-to-wsl
usage: python3 -m unittest [-h] --host HOST [--user USER] [--ssh SSH]
                           [--scp SCP] --ssh-key SSH_KEY [--croc CROC]
                           [--remote-croc REMOTE_CROC]
                           [--croc-version CROC_VERSION]
                           --rusty-sender RUSTY_SENDER
                           --remote-rusty REMOTE_RUSTY --input-64 INPUT_64
                           --input-512 INPUT_512 --output-dir OUTPUT_DIR
                           --remote-root REMOTE_ROOT
                           [--remote-input-64 REMOTE_INPUT_64]
                           [--remote-input-512 REMOTE_INPUT_512]
                           --build-id BUILD_ID --storage-class STORAGE_CLASS
                           [--runs RUNS] [--chunk-size CHUNK_SIZE]
                           [--direction {wsl-to-oracle,oracle-to-wsl}]
                           [--rusty-path {direct,relay}]
                           [--rusty-auth {pake,invite}] [--payload-profile]
                           [--rusty-only] [--timeout TIMEOUT]
python3 -m unittest: error: --remote-input-64 and --remote-input-512 must be provided together
.........usage: python3 -m unittest [-h] --host HOST [--user USER] [--ssh SSH]
                           [--scp SCP] --ssh-key SSH_KEY [--croc CROC]
                           [--remote-croc REMOTE_CROC]
                           [--croc-version CROC_VERSION]
                           --rusty-sender RUSTY_SENDER
                           --remote-rusty REMOTE_RUSTY --input-64 INPUT_64
                           --input-512 INPUT_512 --output-dir OUTPUT_DIR
                           --remote-root REMOTE_ROOT
                           [--remote-input-64 REMOTE_INPUT_64]
                           [--remote-input-512 REMOTE_INPUT_512]
                           --build-id BUILD_ID --storage-class STORAGE_CLASS
                           [--runs RUNS] [--chunk-size CHUNK_SIZE]
                           [--direction {wsl-to-oracle,oracle-to-wsl}]
                           [--rusty-path {direct,relay}]
                           [--rusty-auth {pake,invite}] [--payload-profile]
                           [--rusty-only] [--timeout TIMEOUT]
python3 -m unittest: error: Oracle-to-WSL Croc comparisons require --rusty-path direct
.usage: python3 -m unittest [-h] --host HOST [--user USER] [--ssh SSH]
                           [--scp SCP] --ssh-key SSH_KEY [--croc CROC]
                           [--remote-croc REMOTE_CROC]
                           [--croc-version CROC_VERSION]
                           --rusty-sender RUSTY_SENDER
                           --remote-rusty REMOTE_RUSTY --input-64 INPUT_64
                           --input-512 INPUT_512 --output-dir OUTPUT_DIR
                           --remote-root REMOTE_ROOT
                           [--remote-input-64 REMOTE_INPUT_64]
                           [--remote-input-512 REMOTE_INPUT_512]
                           --build-id BUILD_ID --storage-class STORAGE_CLASS
                           [--runs RUNS] [--chunk-size CHUNK_SIZE]
                           [--direction {wsl-to-oracle,oracle-to-wsl}]
                           [--rusty-path {direct,relay}]
                           [--rusty-auth {pake,invite}] [--payload-profile]
                           [--rusty-only] [--timeout TIMEOUT]
python3 -m unittest: error: Oracle-to-WSL Croc direct comparison currently supports IPv4 only
..usage: python3 -m unittest [-h] --host HOST [--user USER] [--ssh SSH]
                           [--scp SCP] --ssh-key SSH_KEY [--croc CROC]
                           [--remote-croc REMOTE_CROC]
                           [--croc-version CROC_VERSION]
                           --rusty-sender RUSTY_SENDER
                           --remote-rusty REMOTE_RUSTY --input-64 INPUT_64
                           --input-512 INPUT_512 --output-dir OUTPUT_DIR
                           --remote-root REMOTE_ROOT
                           [--remote-input-64 REMOTE_INPUT_64]
                           [--remote-input-512 REMOTE_INPUT_512]
                           --build-id BUILD_ID --storage-class STORAGE_CLASS
                           [--runs RUNS] [--chunk-size CHUNK_SIZE]
                           [--direction {wsl-to-oracle,oracle-to-wsl}]
                           [--rusty-path {direct,relay}]
                           [--rusty-auth {pake,invite}] [--payload-profile]
                           [--rusty-only] [--timeout TIMEOUT]
python3 -m unittest: error: Oracle-to-WSL direct Croc comparison requires the source-audited --croc-version 11.5.4
............................
----------------------------------------------------------------------
Ran 47 tests in 0.042s

OK
