    Checking rustytransfer-crypto v0.1.0 (/mnt/c/Users/wasil/Documents/GitHub/rustytransfer/crates/crypto)
error: used `expect()` on a `Result` value
  --> crates/crypto/src/mac.rs:34:13
   |
34 |             HmacSha3_256::new_from_slice(&self.key).expect("HMAC accepts keys of any size");
   |             ^^^^^^^^^^^^^^^^^^^^^^^^^^^^^^^^^^^^^^^^^^^^^^^^^^^^^^^^^^^^^^^^^^^^^^^^^^^^^^^
   |
   = note: if this value is an `Err`, it will panic
   = help: for further information visit https://rust-lang.github.io/rust-clippy/rust-1.97.0/index.html#expect_used
   = note: `-D clippy::expect-used` implied by `-D warnings`
   = help: to override `-D warnings` add `#[allow(clippy::expect_used)]`

error: used `expect()` on a `Result` value
  --> crates/crypto/src/mac.rs:53:13
   |
53 |             HmacSha3_256::new_from_slice(&self.key).expect("HMAC accepts keys of any size");
   |             ^^^^^^^^^^^^^^^^^^^^^^^^^^^^^^^^^^^^^^^^^^^^^^^^^^^^^^^^^^^^^^^^^^^^^^^^^^^^^^^
   |
   = note: if this value is an `Err`, it will panic
   = help: for further information visit https://rust-lang.github.io/rust-clippy/rust-1.97.0/index.html#expect_used

error: could not compile `rustytransfer-crypto` (lib) due to 2 previous errors
