    Checking rustytransfer-crypto v0.1.0 (/mnt/c/Users/wasil/Documents/GitHub/rustytransfer/crates/crypto)
warning: used `expect()` on a `Result` value
  --> crates/crypto/src/mac.rs:34:13
   |
34 |             HmacSha3_256::new_from_slice(&self.key).expect("HMAC accepts keys of any size");
   |             ^^^^^^^^^^^^^^^^^^^^^^^^^^^^^^^^^^^^^^^^^^^^^^^^^^^^^^^^^^^^^^^^^^^^^^^^^^^^^^^
   |
   = note: if this value is an `Err`, it will panic
   = help: for further information visit https://rust-lang.github.io/rust-clippy/rust-1.97.0/index.html#expect_used
   = note: requested on the command line with `-W clippy::expect-used`

warning: used `expect()` on a `Result` value
  --> crates/crypto/src/mac.rs:53:13
   |
53 |             HmacSha3_256::new_from_slice(&self.key).expect("HMAC accepts keys of any size");
   |             ^^^^^^^^^^^^^^^^^^^^^^^^^^^^^^^^^^^^^^^^^^^^^^^^^^^^^^^^^^^^^^^^^^^^^^^^^^^^^^^
   |
   = note: if this value is an `Err`, it will panic
   = help: for further information visit https://rust-lang.github.io/rust-clippy/rust-1.97.0/index.html#expect_used

warning: `rustytransfer-crypto` (lib) generated 2 warnings
    Checking rustytransfer-protocol v0.1.0 (/mnt/c/Users/wasil/Documents/GitHub/rustytransfer/crates/protocol)
    Checking rustytransfer-transfer v0.1.0 (/mnt/c/Users/wasil/Documents/GitHub/rustytransfer/crates/transfer)
    Checking rustytransfer-native v0.1.0 (/mnt/c/Users/wasil/Documents/GitHub/rustytransfer/crates/native)
    Checking rustytransfer v0.1.0 (/mnt/c/Users/wasil/Documents/GitHub/rustytransfer)
warning: using a potentially dangerous silent `as` conversion
  --> src/cli/metrics.rs:30:23
   |
30 |     let payload_mib = size_bytes as f64 / (1024.0 * 1024.0);
   |                       ^^^^^^^^^^^^^^^^^
   |
   = help: consider using a safe wrapper for this conversion
   = help: for further information visit https://rust-lang.github.io/rust-clippy/rust-1.97.0/index.html#as_conversions
   = note: requested on the command line with `-W clippy::as-conversions`

warning: `rustytransfer` (lib) generated 1 warning
warning: arithmetic operation that can potentially result in unexpected side-effects
   --> examples/shared_key_parallel.rs:157:16
    |
157 |     let base = chunks / streams_u32;
    |                ^^^^^^^^^^^^^^^^^^^^
    |
    = help: for further information visit https://rust-lang.github.io/rust-clippy/rust-1.97.0/index.html#arithmetic_side_effects
    = note: requested on the command line with `-W clippy::arithmetic-side-effects`

warning: arithmetic operation that can potentially result in unexpected side-effects
   --> examples/shared_key_parallel.rs:158:21
    |
158 |     let remainder = chunks % streams_u32;
    |                     ^^^^^^^^^^^^^^^^^^^^
    |
    = help: for further information visit https://rust-lang.github.io/rust-clippy/rust-1.97.0/index.html#arithmetic_side_effects

warning: arithmetic operation that can potentially result in unexpected side-effects
   --> examples/shared_key_parallel.rs:162:21
    |
162 |         let width = base + u32::from(index < remainder);
    |                     ^^^^^^^^^^^^^^^^^^^^^^^^^^^^^^^^^^^
    |
    = help: for further information visit https://rust-lang.github.io/rust-clippy/rust-1.97.0/index.html#arithmetic_side_effects

warning: this function has too many arguments (8/7)
   --> examples/shared_key_parallel.rs:193:1
    |
193 | / fn chunk_aad(
194 | |     version: &str,
195 | |     session_id: &[u8; 16],
196 | |     digest: &[u8; 32],
...   |
201 | |     len: u32,
202 | | ) -> Vec<u8> {
    | |____________^
    |
    = help: for further information visit https://rust-lang.github.io/rust-clippy/rust-1.97.0/index.html#too_many_arguments
    = note: `-W clippy::too-many-arguments` implied by `-W clippy::all`
    = help: to override `-W clippy::all` add `#[allow(clippy::too_many_arguments)]`

warning: arithmetic operation that can potentially result in unexpected side-effects
   --> examples/shared_key_parallel.rs:323:9
    |
323 |         u64::from(index) * u64::from(manifest.chunk_size),
    |         ^^^^^^^^^^^^^^^^^^^^^^^^^^^^^^^^^^^^^^^^^^^^^^^^^
    |
    = help: for further information visit https://rust-lang.github.io/rust-clippy/rust-1.97.0/index.html#arithmetic_side_effects

warning: arithmetic operation that can potentially result in unexpected side-effects
   --> examples/shared_key_parallel.rs:327:22
    |
327 |         let offset = u64::from(index) * u64::from(manifest.chunk_size);
    |                      ^^^^^^^^^^^^^^^^^^^^^^^^^^^^^^^^^^^^^^^^^^^^^^^^^
    |
    = help: for further information visit https://rust-lang.github.io/rust-clippy/rust-1.97.0/index.html#arithmetic_side_effects

warning: `map_err(|_|...` wildcard pattern discards the original error
   --> examples/shared_key_parallel.rs:350:22
    |
350 |             .map_err(|_| anyhow::anyhow!("AES-GCM encryption failed"))?;
    |                      ^^^
    |
    = help: consider storing the original error as a source in the new error, or silence this warning using an ignored identifier (`.map_err(|_foo| ...`)
    = help: for further information visit https://rust-lang.github.io/rust-clippy/rust-1.97.0/index.html#map_err_ignore
    = note: requested on the command line with `-W clippy::map-err-ignore`

warning: arithmetic operation that can potentially result in unexpected side-effects
   --> examples/shared_key_parallel.rs:354:9
    |
354 |         index += 1;
    |         ^^^^^^^^^^
    |
    = help: for further information visit https://rust-lang.github.io/rust-clippy/rust-1.97.0/index.html#arithmetic_side_effects

warning: used `expect()` on an `Option` value
   --> examples/shared_key_parallel.rs:389:21
    |
389 |     let completed = completed.expect("join result exists unless cancelled");
    |                     ^^^^^^^^^^^^^^^^^^^^^^^^^^^^^^^^^^^^^^^^^^^^^^^^^^^^^^^
    |
    = note: if this value is `None`, it will panic
    = help: for further information visit https://rust-lang.github.io/rust-clippy/rust-1.97.0/index.html#expect_used
    = note: requested on the command line with `-W clippy::expect-used`

warning: arithmetic operation that can potentially result in unexpected side-effects
   --> examples/shared_key_parallel.rs:457:22
    |
457 |         let offset = u64::from(index) * u64::from(manifest.chunk_size);
    |                      ^^^^^^^^^^^^^^^^^^^^^^^^^^^^^^^^^^^^^^^^^^^^^^^^^
    |
    = help: for further information visit https://rust-lang.github.io/rust-clippy/rust-1.97.0/index.html#arithmetic_side_effects

warning: `map_err(|_|...` wildcard pattern discards the original error
   --> examples/shared_key_parallel.rs:486:22
    |
486 |             .map_err(|_| anyhow::anyhow!("AES-GCM authentication failed for chunk {index}"))?;
    |                      ^^^
    |
    = help: consider storing the original error as a source in the new error, or silence this warning using an ignored identifier (`.map_err(|_foo| ...`)
    = help: for further information visit https://rust-lang.github.io/rust-clippy/rust-1.97.0/index.html#map_err_ignore

warning: arithmetic operation that can potentially result in unexpected side-effects
   --> examples/shared_key_parallel.rs:506:40
    |
506 |     let mut input = Vec::with_capacity(domain.len() + data.len());
    |                                        ^^^^^^^^^^^^^^^^^^^^^^^^^
    |
    = help: for further information visit https://rust-lang.github.io/rust-clippy/rust-1.97.0/index.html#arithmetic_side_effects

warning: arithmetic operation that can potentially result in unexpected side-effects
   --> examples/shared_key_parallel.rs:513:40
    |
513 |     let mut input = Vec::with_capacity(domain.len() + data.len());
    |                                        ^^^^^^^^^^^^^^^^^^^^^^^^^
    |
    = help: for further information visit https://rust-lang.github.io/rust-clippy/rust-1.97.0/index.html#arithmetic_side_effects

warning: slicing may panic
   --> examples/shared_key_parallel.rs:584:32
    |
584 |     let session_id: [u8; 16] = hello[..16].try_into()?;
    |                                ^^^^^^^^^^^
    |
    = help: consider using `.get(..n)`or `.get_mut(..n)` instead
    = help: for further information visit https://rust-lang.github.io/rust-clippy/rust-1.97.0/index.html#indexing_slicing
    = note: requested on the command line with `-W clippy::indexing-slicing`

warning: slicing may panic
   --> examples/shared_key_parallel.rs:589:23
    |
589 |     let public_key = &hello[16..public_key_end];
    |                       ^^^^^^^^^^^^^^^^^^^^^^^^^
    |
    = help: consider using `.get(n..m)` or `.get_mut(n..m)` instead
    = help: for further information visit https://rust-lang.github.io/rust-clippy/rust-1.97.0/index.html#indexing_slicing

warning: slicing may panic
   --> examples/shared_key_parallel.rs:593:10
    |
593 |         &hello[..public_key_end],
    |          ^^^^^^^^^^^^^^^^^^^^^^^
    |
    = help: consider using `.get(..n)`or `.get_mut(..n)` instead
    = help: for further information visit https://rust-lang.github.io/rust-clippy/rust-1.97.0/index.html#indexing_slicing

warning: slicing may panic
   --> examples/shared_key_parallel.rs:594:10
    |
594 |         &hello[public_key_end..],
    |          ^^^^^^^^^^^^^^^^^^^^^^^
    |
    = help: consider using `.get(n..)` or .get_mut(n..)` instead
    = help: for further information visit https://rust-lang.github.io/rust-clippy/rust-1.97.0/index.html#indexing_slicing

warning: `map_err(|_|...` wildcard pattern discards the original error
   --> examples/shared_key_parallel.rs:599:18
    |
599 |         .map_err(|_| anyhow::anyhow!("invalid ML-KEM public key length"))?;
    |                  ^^^
    |
    = help: consider storing the original error as a source in the new error, or silence this warning using an ignored identifier (`.map_err(|_foo| ...`)
    = help: for further information visit https://rust-lang.github.io/rust-clippy/rust-1.97.0/index.html#map_err_ignore

warning: arithmetic operation that can potentially result in unexpected side-effects
   --> examples/shared_key_parallel.rs:715:40
    |
715 |     let mut hello = Vec::with_capacity(16 + public_key.len() + 32);
    |                                        ^^^^^^^^^^^^^^^^^^^^^^^^^^
    |
    = help: for further information visit https://rust-lang.github.io/rust-clippy/rust-1.97.0/index.html#arithmetic_side_effects

warning: `map_err(|_|...` wildcard pattern discards the original error
   --> examples/shared_key_parallel.rs:731:22
    |
731 |             .map_err(|_| anyhow::anyhow!("invalid ML-KEM ciphertext length"))?;
    |                      ^^^
    |
    = help: consider storing the original error as a source in the new error, or silence this warning using an ignored identifier (`.map_err(|_foo| ...`)
    = help: for further information visit https://rust-lang.github.io/rust-clippy/rust-1.97.0/index.html#map_err_ignore

warning: arithmetic operation that can potentially result in unexpected side-effects
   --> examples/shared_key_parallel.rs:761:25
    |
761 |     let expected_mask = (1_u16 << encoded.body.streams) - 1;
    |                         ^^^^^^^^^^^^^^^^^^^^^^^^^^^^^^^^^^^
    |
    = help: for further information visit https://rust-lang.github.io/rust-clippy/rust-1.97.0/index.html#arithmetic_side_effects

warning: non-binding `let` on an expression with `#[must_use]` type
   --> examples/shared_key_parallel.rs:833:9
    |
833 |         let _ = fs::remove_file(output);
    |         ^^^^^^^^^^^^^^^^^^^^^^^^^^^^^^^^
    |
    = help: consider explicitly using expression value
    = help: for further information visit https://rust-lang.github.io/rust-clippy/rust-1.97.0/index.html#let_underscore_must_use
    = note: requested on the command line with `-W clippy::let-underscore-must-use`

warning: non-binding `let` on an expression with `#[must_use]` type
   --> examples/shared_key_parallel.rs:861:13
    |
861 |             let _ = fs::remove_file(&self.path);
    |             ^^^^^^^^^^^^^^^^^^^^^^^^^^^^^^^^^^^^
    |
    = help: consider explicitly using expression value
    = help: for further information visit https://rust-lang.github.io/rust-clippy/rust-1.97.0/index.html#let_underscore_must_use

warning: `rustytransfer` (example "shared_key_parallel") generated 23 warnings
    Finished `dev` profile [unoptimized + debuginfo] target(s) in 10.30s
