   Compiling rustytransfer-transfer v0.1.0 (/mnt/c/Users/wasil/Documents/GitHub/rustytransfer/crates/transfer)
   Compiling rustytransfer-native v0.1.0 (/mnt/c/Users/wasil/Documents/GitHub/rustytransfer/crates/native)
   Compiling rustytransfer v0.1.0 (/mnt/c/Users/wasil/Documents/GitHub/rustytransfer)
   Compiling rustytransfer-firefox-host v0.1.0 (/mnt/c/Users/wasil/Documents/GitHub/rustytransfer/crates/firefox-host)
    Finished `test` profile [unoptimized + debuginfo] target(s) in 36.22s
     Running unittests src/lib.rs (/home/wasilij/rustytransfer-bench/target/debug/deps/rustytransfer-a8f21c0355162c90)
     Running unittests src/bin/rustytransferCLI.rs (/home/wasilij/rustytransfer-bench/target/debug/deps/rustytransfer-f0276b736270986e)
     Running tests/local_transport_regressions.rs (/home/wasilij/rustytransfer-bench/target/debug/deps/local_transport_regressions-4ac466f80c39a68e)
     Running tests/pake_kem_dem_mac_roundtrip.rs (/home/wasilij/rustytransfer-bench/target/debug/deps/pake_kem_dem_mac_roundtrip-110a14edc981941b)
     Running tests/webrtc_multi_messages.rs (/home/wasilij/rustytransfer-bench/target/debug/deps/webrtc_multi_messages-8d5f0d553f061a0a)
     Running unittests src/lib.rs (/home/wasilij/rustytransfer-bench/target/debug/deps/rustytransfer_crypto-b738dc23728a8fbf)
     Running unittests src/main.rs (/home/wasilij/rustytransfer-bench/target/debug/deps/rustytransfer_firefox_host-e4976c7f084a9699)
     Running unittests src/lib.rs (/home/wasilij/rustytransfer-bench/target/debug/deps/rustytransfer_native-c67d855acc1e6de6)
     Running unittests src/bin/iroh_probe.rs (/home/wasilij/rustytransfer-bench/target/debug/deps/iroh_probe-a15ab26bd5b3d3e7)
     Running unittests src/lib.rs (/home/wasilij/rustytransfer-bench/target/debug/deps/rustytransfer_protocol-ff1f0c8b2af6bb97)
     Running unittests src/lib.rs (/home/wasilij/rustytransfer-bench/target/debug/deps/rustytransfer_transfer-b565f2684913db5f)
     Running unittests src/lib.rs (/home/wasilij/rustytransfer-bench/target/debug/deps/rustytransfer_wasm-21f91e24ea7db175)
   Doc-tests rustytransfer
   Doc-tests rustytransfer_crypto
   Doc-tests rustytransfer_native
   Doc-tests rustytransfer_protocol
   Doc-tests rustytransfer_transfer
   Doc-tests rustytransfer_wasm
