.usage: python3 -m unittest [-h] --host HOST [--user USER] [--ssh SSH]
                           [--scp SCP] --ssh-key SSH_KEY [--croc CROC]
                           [--remote-croc REMOTE_CROC]
                           [--croc-version CROC_VERSION]
                           --rusty-sender RUSTY_SENDER
                           --remote-rusty REMOTE_RUSTY --input-64 INPUT_64
                           --input-512 INPUT_512 --output-dir OUTPUT_DIR
                           --remote-root REMOTE_ROOT
                           [--remote-input-64 REMOTE_INPUT_64]
                           [--remote-input-512 REMOTE_INPUT_512]
                           --build-id BUILD_ID --storage-class STORAGE_CLASS
                           [--runs RUNS] [--chunk-size CHUNK_SIZE]
                           [--stream-window-bytes STREAM_WINDOW_BYTES]
                           [--direction {wsl-to-oracle,oracle-to-wsl}]
                           [--rusty-path {direct,relay}]
                           [--rusty-auth {pake,invite}] [--payload-profile]
                           [--rusty-only] [--timeout TIMEOUT]
python3 -m unittest: error: --chunk-size must be between 1 and 1048576 bytes
.usage: python3 -m unittest [-h] --host HOST [--user USER] [--ssh SSH]
                           [--scp SCP] --ssh-key SSH_KEY [--croc CROC]
                           [--remote-croc REMOTE_CROC]
                           [--croc-version CROC_VERSION]
                           --rusty-sender RUSTY_SENDER
                           --remote-rusty REMOTE_RUSTY --input-64 INPUT_64
                           --input-512 INPUT_512 --output-dir OUTPUT_DIR
                           --remote-root REMOTE_ROOT
                           [--remote-input-64 REMOTE_INPUT_64]
                           [--remote-input-512 REMOTE_INPUT_512]
                           --build-id BUILD_ID --storage-class STORAGE_CLASS
                           [--runs RUNS] [--chunk-size CHUNK_SIZE]
                           [--stream-window-bytes STREAM_WINDOW_BYTES]
                           [--direction {wsl-to-oracle,oracle-to-wsl}]
                           [--rusty-path {direct,relay}]
                           [--rusty-auth {pake,invite}] [--payload-profile]
                           [--rusty-only] [--timeout TIMEOUT]
python3 -m unittest: error: --croc is required unless --rusty-only is set
.....usage: python3 -m unittest [-h] --host HOST [--user USER] [--ssh SSH]
                           [--scp SCP] --ssh-key SSH_KEY [--croc CROC]
                           [--remote-croc REMOTE_CROC]
                           [--croc-version CROC_VERSION]
                           --rusty-sender RUSTY_SENDER
                           --remote-rusty REMOTE_RUSTY --input-64 INPUT_64
                           --input-512 INPUT_512 --output-dir OUTPUT_DIR
                           --remote-root REMOTE_ROOT
                           [--remote-input-64 REMOTE_INPUT_64]
                           [--remote-input-512 REMOTE_INPUT_512]
                           --build-id BUILD_ID --storage-class STORAGE_CLASS
                           [--runs RUNS] [--chunk-size CHUNK_SIZE]
                           [--stream-window-bytes STREAM_WINDOW_BYTES]
                           [--direction {wsl-to-oracle,oracle-to-wsl}]
                           [--rusty-path {direct,relay}]
                           [--rusty-auth {pake,invite}] [--payload-profile]
                           [--rusty-only] [--timeout TIMEOUT]
python3 -m unittest: error: pre-staged remote inputs are only valid for --direction oracle-to-wsl
usage: python3 -m unittest [-h] --host HOST [--user USER] [--ssh SSH]
                           [--scp SCP] --ssh-key SSH_KEY [--croc CROC]
                           [--remote-croc REMOTE_CROC]
                           [--croc-version CROC_VERSION]
                           --rusty-sender RUSTY_SENDER
                           --remote-rusty REMOTE_RUSTY --input-64 INPUT_64
                           --input-512 INPUT_512 --output-dir OUTPUT_DIR
                           --remote-root REMOTE_ROOT
                           [--remote-input-64 REMOTE_INPUT_64]
                           [--remote-input-512 REMOTE_INPUT_512]
                           --build-id BUILD_ID --storage-class STORAGE_CLASS
                           [--runs RUNS] [--chunk-size CHUNK_SIZE]
                           [--stream-window-bytes STREAM_WINDOW_BYTES]
                           [--direction {wsl-to-oracle,oracle-to-wsl}]
                           [--rusty-path {direct,relay}]
                           [--rusty-auth {pake,invite}] [--payload-profile]
                           [--rusty-only] [--timeout TIMEOUT]
python3 -m unittest: error: --remote-input-64 and --remote-input-512 must be provided together
.........usage: python3 -m unittest [-h] --host HOST [--user USER] [--ssh SSH]
                           [--scp SCP] --ssh-key SSH_KEY [--croc CROC]
                           [--remote-croc REMOTE_CROC]
                           [--croc-version CROC_VERSION]
                           --rusty-sender RUSTY_SENDER
                           --remote-rusty REMOTE_RUSTY --input-64 INPUT_64
                           --input-512 INPUT_512 --output-dir OUTPUT_DIR
                           --remote-root REMOTE_ROOT
                           [--remote-input-64 REMOTE_INPUT_64]
                           [--remote-input-512 REMOTE_INPUT_512]
                           --build-id BUILD_ID --storage-class STORAGE_CLASS
                           [--runs RUNS] [--chunk-size CHUNK_SIZE]
                           [--stream-window-bytes STREAM_WINDOW_BYTES]
                           [--direction {wsl-to-oracle,oracle-to-wsl}]
                           [--rusty-path {direct,relay}]
                           [--rusty-auth {pake,invite}] [--payload-profile]
                           [--rusty-only] [--timeout TIMEOUT]
python3 -m unittest: error: Oracle-to-WSL Croc comparisons require --rusty-path direct
.usage: python3 -m unittest [-h] --host HOST [--user USER] [--ssh SSH]
                           [--scp SCP] --ssh-key SSH_KEY [--croc CROC]
                           [--remote-croc REMOTE_CROC]
                           [--croc-version CROC_VERSION]
                           --rusty-sender RUSTY_SENDER
                           --remote-rusty REMOTE_RUSTY --input-64 INPUT_64
                           --input-512 INPUT_512 --output-dir OUTPUT_DIR
                           --remote-root REMOTE_ROOT
                           [--remote-input-64 REMOTE_INPUT_64]
                           [--remote-input-512 REMOTE_INPUT_512]
                           --build-id BUILD_ID --storage-class STORAGE_CLASS
                           [--runs RUNS] [--chunk-size CHUNK_SIZE]
                           [--stream-window-bytes STREAM_WINDOW_BYTES]
                           [--direction {wsl-to-oracle,oracle-to-wsl}]
                           [--rusty-path {direct,relay}]
                           [--rusty-auth {pake,invite}] [--payload-profile]
                           [--rusty-only] [--timeout TIMEOUT]
python3 -m unittest: error: Oracle-to-WSL Croc direct comparison currently supports IPv4 only
..usage: python3 -m unittest [-h] --host HOST [--user USER] [--ssh SSH]
                           [--scp SCP] --ssh-key SSH_KEY [--croc CROC]
                           [--remote-croc REMOTE_CROC]
                           [--croc-version CROC_VERSION]
                           --rusty-sender RUSTY_SENDER
                           --remote-rusty REMOTE_RUSTY --input-64 INPUT_64
                           --input-512 INPUT_512 --output-dir OUTPUT_DIR
                           --remote-root REMOTE_ROOT
                           [--remote-input-64 REMOTE_INPUT_64]
                           [--remote-input-512 REMOTE_INPUT_512]
                           --build-id BUILD_ID --storage-class STORAGE_CLASS
                           [--runs RUNS] [--chunk-size CHUNK_SIZE]
                           [--stream-window-bytes STREAM_WINDOW_BYTES]
                           [--direction {wsl-to-oracle,oracle-to-wsl}]
                           [--rusty-path {direct,relay}]
                           [--rusty-auth {pake,invite}] [--payload-profile]
                           [--rusty-only] [--timeout TIMEOUT]
python3 -m unittest: error: Oracle-to-WSL direct Croc comparison requires the source-audited --croc-version 11.5.4
........usage: python3 -m unittest [-h] --host HOST [--user USER] [--ssh SSH]
                           [--scp SCP] --ssh-key SSH_KEY [--croc CROC]
                           [--remote-croc REMOTE_CROC]
                           [--croc-version CROC_VERSION]
                           --rusty-sender RUSTY_SENDER
                           --remote-rusty REMOTE_RUSTY --input-64 INPUT_64
                           --input-512 INPUT_512 --output-dir OUTPUT_DIR
                           --remote-root REMOTE_ROOT
                           [--remote-input-64 REMOTE_INPUT_64]
                           [--remote-input-512 REMOTE_INPUT_512]
                           --build-id BUILD_ID --storage-class STORAGE_CLASS
                           [--runs RUNS] [--chunk-size CHUNK_SIZE]
                           [--stream-window-bytes STREAM_WINDOW_BYTES]
                           [--direction {wsl-to-oracle,oracle-to-wsl}]
                           [--rusty-path {direct,relay}]
                           [--rusty-auth {pake,invite}] [--payload-profile]
                           [--rusty-only] [--timeout TIMEOUT]
python3 -m unittest: error: --stream-window-bytes must be between 1250000 and 5000000 bytes
usage: python3 -m unittest [-h] --host HOST [--user USER] [--ssh SSH]
                           [--scp SCP] --ssh-key SSH_KEY [--croc CROC]
                           [--remote-croc REMOTE_CROC]
                           [--croc-version CROC_VERSION]
                           --rusty-sender RUSTY_SENDER
                           --remote-rusty REMOTE_RUSTY --input-64 INPUT_64
                           --input-512 INPUT_512 --output-dir OUTPUT_DIR
                           --remote-root REMOTE_ROOT
                           [--remote-input-64 REMOTE_INPUT_64]
                           [--remote-input-512 REMOTE_INPUT_512]
                           --build-id BUILD_ID --storage-class STORAGE_CLASS
                           [--runs RUNS] [--chunk-size CHUNK_SIZE]
                           [--stream-window-bytes STREAM_WINDOW_BYTES]
                           [--direction {wsl-to-oracle,oracle-to-wsl}]
                           [--rusty-path {direct,relay}]
                           [--rusty-auth {pake,invite}] [--payload-profile]
                           [--rusty-only] [--timeout TIMEOUT]
python3 -m unittest: error: --stream-window-bytes must be between 1250000 and 5000000 bytes
.....................F
======================================================================
FAIL: test_stream_window_separates_default_and_benchmark_window_rows (test_summarize.SummarizeTests.test_stream_window_separates_default_and_benchmark_window_rows)
----------------------------------------------------------------------
Traceback (most recent call last):
  File "/mnt/c/Users/wasil/Documents/GitHub/rustytransfer/benchmarks/test_summarize.py", line 172, in test_stream_window_separates_default_and_benchmark_window_rows
    self.assertEqual(
    ~~~~~~~~~~~~~~~~^
        {group["stream_window_bytes"] for group in summary["groups"]},
        ^^^^^^^^^^^^^^^^^^^^^^^^^^^^^^^^^^^^^^^^^^^^^^^^^^^^^^^^^^^^^^
        {None, 2_500_000},
        ^^^^^^^^^^^^^^^^^^
    )
    ^
AssertionError: Items in the first set but not the second:
'unknown'
Items in the second set but not the first:
None

----------------------------------------------------------------------
Ran 49 tests in 0.049s

FAILED (failures=1)
