Checking: cargo fmt --all -- --check
Checking: cargo test --workspace --locked
Checking: cargo check -p rustytransfer-wasm --target wasm32-unknown-unknown --locked
Checking: python3 -m unittest discover -s benchmarks -p test_*.py
Checking: python3 .github/scripts/tests/test_rustscan.py
Checking: python3 .github/scripts/tests/test_identity.py
Checking: python3 .github/scripts/tests/test_report_gate.py
Checking: cargo clippy --workspace --lib --bins --all-features --locked --message-format=json
Checking: /home/wasilij/rustytransfer-bench/tools/cargo-deny-0.20.2-x86_64-unknown-linux-musl/cargo-deny check advisories bans licenses sources
Fingerprinted 3 Clippy results (rustytransfer-clippy-v5); skipped 0.
  distinct identities : 3
  ordinal-disambiguated groups: 0
Clippy SARIF validation passed: 3 fingerprinted result(s); configured floor '3'.
corpus: /home/wasilij/rustytransfer-bench/checks-independent-connections-v2-20261004/clippy.sarif
  3 SARIF result(s), 3 with byte spans, 2 source file(s)
baseline: 3 findings, 3 distinct identities
  [PASS                  ] insert 10 blank lines at the top of every file
  [PASS                  ] insert a license header comment in every file
  [PASS                  ] reindent every line by 4 spaces (formatting churn)
  [PASS                  ] convert every line ending to CRLF
  [PASS                  ] append a trailing comment to the first line of each function body
  [PASS                  ] reflow multi-argument calls across lines with a trailing comma (rustfmt)
  [PASS                  ] whitespace inside a string literal must NOT collide (span tier, isolated)
  [PASS                  ] whitespace inside a string literal must NOT collide (whole finding)
  [PASS                  ] a rustfmt reflow of that same call must NOT move the fingerprint
  [PASS                  ] a doc finding must NOT move when the documented body is edited
  [PASS                  ] two doc findings in the SAME comment must NOT collide

duplicate-removal blast radius (informational):
  (no duplicate findings in this corpus)

PASS
Clippy findings: 3
clippy::expect_used used `expect()` on a `Result` value
clippy::expect_used used `expect()` on a `Result` value
clippy::as_conversions using a potentially dangerous silent `as` conversion
