   Compiling ring v0.17.14
   Compiling rustls v0.23.45
   Compiling h2 v0.4.16
   Compiling asn1-rs v0.7.2
   Compiling tower v0.5.2
   Compiling rtc-shared v0.21.0
   Compiling bytecheck v0.8.3
   Compiling noq-udp v1.3.0
   Compiling rend v0.5.4
   Compiling reloadable-state v0.1.0
   Compiling iroh-base v1.2.0
   Compiling tower-http v0.6.8
   Compiling postcard v1.1.3
   Compiling rustls-cert-file-reader v0.4.2
   Compiling netwatch v0.19.3
   Compiling rustytransfer-transfer v0.1.0 (/mnt/c/Users/wasil/Documents/GitHub/rustytransfer/crates/transfer)
   Compiling rustls-webpki v0.103.15
   Compiling rtc-crypto v0.21.0
   Compiling rtc-rtp v0.21.0
   Compiling rtc-rtcp v0.21.0
   Compiling rtc-sctp v0.21.0
   Compiling rtc-mdns v0.21.0
   Compiling der-parser v10.0.0
   Compiling oid-registry v0.8.1
   Compiling rtc-stun v0.21.0
   Compiling rtc-srtp v0.21.0
   Compiling x509-parser v0.18.1
   Compiling rtc-datachannel v0.21.0
   Compiling rtc-interceptor v0.21.0
   Compiling rtc-media v0.21.0
   Compiling rtc-turn v0.21.0
   Compiling rtc-ice v0.21.0
   Compiling rtc-sdp v0.21.0
   Compiling rcgen v0.14.10
   Compiling rkyv v0.8.18
   Compiling hyper v1.8.1
   Compiling tokio-rustls v0.26.4
error: failed to build archive at `/mnt/c/Users/wasil/Documents/GitHub/rustytransfer/target/release/deps/librtc_ice-6c529314286754e1.rlib`: failed to remove temporary directory: Permission denied (os error 13) at path "/mnt/c/Users/wasil/Documents/GitHub/rustytransfer/target/release/deps/.tmp9uBKOR.temp-archive"

error: could not compile `rtc-ice` (lib) due to 1 previous error
warning: build failed, waiting for other jobs to finish...
error: failed to build archive at `/mnt/c/Users/wasil/Documents/GitHub/rustytransfer/target/release/deps/librtc_interceptor-8b6c7272df395580.rlib`: failed to remove temporary directory: Permission denied (os error 13) at path "/mnt/c/Users/wasil/Documents/GitHub/rustytransfer/target/release/deps/.tmprnX57V.temp-archive"

error: could not compile `rtc-interceptor` (lib) due to 1 previous error
